#fOrTyTwO
$hz=100;
$XS_VERSION='DProf 20050310.00';
# All values are given in HZ
$over_utime=7; $over_stime=0; $over_rtime=20;
$over_tests=10000;
$rrun_utime=20; $rrun_stime=2; $rrun_rtime=92;
$total_marks=2077                                                                                                                                                                                

PART2
& 2 main BEGIN
+ 2
@ 0 1 0
& 3 strict bits
+ 3
- 3
& 4 strict import
+ 4
- 4
- 2
+ 2
& 5 Test::Simple BEGIN
+ 5
- 5
+ 5
+ 4
+ 3
- 3
- 4
- 5
+ 5
& 6 vars BEGIN
+ 6
- 6
& 7 vars BEGIN
+ 7
& 8 warnings BEGIN
+ 8
@ 0 0 1
- 8
@ 1 0 1
& 9 warnings::register import
+ 9
& a warnings::register mkMask
+ a
- a
+ a
- a
- 9
- 7
+ 7
+ 4
+ 3
- 3
- 4
- 7
& b vars import
+ b
- b
- 5
& c Test::Simple BEGIN
+ c
& d Test::Builder::Module BEGIN
+ d
& e Test::Builder BEGIN
+ e
- e
& f Test::Builder BEGIN
+ f
+ 4
- 4
- f
+ f
+ b
- b
- f
& 10 Test::Builder BEGIN
+ 10
& 11 Config BEGIN
+ 11
+ 4
- 4
- 11
& 12 Config BEGIN
+ 12
& 13 strict unimport
+ 13
+ 3
- 3
- 13
- 12
& 14 Config TIEHASH
+ 14
- 14
& 15 Config import
+ 15
- 15
- 10
& 16 Test::Builder BEGIN
+ 16
& 17 Config FETCH
+ 17
- 17
- 16
& 18 Test::Builder BEGIN
+ 18
+ b
- b
- 18
@ 1 0 1
& 19 Test::Builder BEGIN
+ 19
+ 13
+ 3
- 3
- 13
- 19
& 1a Test::Builder BEGIN
+ 1a
+ 13
+ 3
- 3
- 13
- 1a
@ 1 0 1
& 1b Test::Builder new
+ 1b
& 1c Test::Builder create
+ 1c
& 1d Test::Builder reset
+ 1d
& 1e Test::Builder __ANON__
+ 1e
- 1e
+ 1e
- 1e
& 1f Test::Builder _dup_stdhandles
+ 1f
& 20 Test::Builder _open_testhandles
+ 20
- 20
& 21 Test::Builder _autoflush
+ 21
- 21
+ 21
- 21
+ 21
- 21
+ 21
- 21
& 22 Test::Builder output
+ 22
& 23 Test::Builder _new_fh
+ 23
& 24 Test::Builder _is_fh
+ 24
& 25 UNIVERSAL isa
+ 25
- 25
- 24
- 23
- 22
& 26 Test::Builder failure_output
+ 26
+ 23
+ 24
+ 25
- 25
- 24
- 23
- 26
& 27 Test::Builder todo_output
+ 27
+ 23
+ 24
+ 25
- 25
- 24
- 23
- 27
- 1f
- 1d
- 1c
- 1b
- d
& 28 Test::Builder::Module BEGIN
+ 28
+ 4
- 4
- 28
& 29 Test::Builder::Module import
+ 29
& 2a Test::Builder::Module builder
+ 2a
+ 1b
- 1b
- 2a
& 2b Test::Builder exported_to
+ 2b
- 2b
& 2c Test::Builder::Module import_extra
+ 2c
- 2c
& 2d Test::Builder::Module _strip_imports
+ 2d
- 2d
& 2e Test::Builder plan
+ 2e
- 2e
& 2f Test::Builder::Module __ANON__
+ 2f
& 30 Exporter export
+ 30
& 31 Exporter as_heavy
+ 31
& 32 Exporter::Heavy BEGIN
+ 32
+ 4
- 4
- 32
+ 32
+ 13
+ 3
- 3
- 13
- 32
@ 1 0 0
- 31
& 33 Exporter::Heavy heavy_export
* 33
- 30
- 2f
- 29
- c
+ 29
+ 2a
+ 1b
- 1b
- 2a
+ 2b
- 2b
+ 2c
- 2c
+ 2d
- 2d
+ 2e
& 34 Test::Builder expected_tests
+ 34
& 35 Test::Builder __ANON__
+ 35
- 35
& 36 Test::Builder _print
+ 36
+ 22
- 22
- 36
- 34
- 2e
+ 2f
+ 30
+ 31
- 31
* 33
- 30
- 2f
- 29
- 2
+ 2
& 37 main BEGIN
+ 37
- 37
& 38 DBI BEGIN
+ 38
- 38
+ 38
& 39 DynaLoader BEGIN
+ 39
+ b
@ 0 0 1
- b
- 39
& 3a DynaLoader BEGIN
+ 3a
+ 15
- 15
- 3a
& 3b AutoLoader BEGIN
+ 3b
+ 4
- 4
- 3b
+ 3b
- 3b
& 3c AutoLoader BEGIN
+ 3c
- 3c
& 3d AutoLoader BEGIN
+ 3d
+ 13
+ 3
- 3
- 13
- 3d
& 3e AutoLoader BEGIN
+ 3e
+ 13
+ 3
- 3
- 13
- 3e
& 3f AutoLoader BEGIN
+ 3f
+ 13
+ 3
- 3
- 13
- 3f
@ 1 0 1
+ 17
- 17
+ 17
- 17
+ 17
- 17
+ 17
- 17
- 38
+ 38
- 38
+ 38
& 40 DynaLoader bootstrap
+ 40
& 41 DynaLoader dl_load_flags
+ 41
- 41
& 42 DynaLoader dl_load_file
+ 42
- 42
& 43 DynaLoader dl_undef_symbols
+ 43
- 43
& 44 DynaLoader dl_find_symbol
+ 44
- 44
& 45 DynaLoader dl_install_xsub
+ 45
- 45
& 46 DBI bootstrap
+ 46
- 46
- 40
& 47 Exporter export_ok_tags
+ 47
+ 31
- 31
& 48 Exporter::Heavy heavy_export_ok_tags
* 48
& 49 Exporter::Heavy _push_tags
+ 49
- 49
- 47
- 38
& 4a DBI BEGIN
+ 4a
+ 13
- 13
- 4a
& 4b DBI BEGIN
+ 4b
+ 4
- 4
- 4b
@ 1 0 18
& 4c DBI BEGIN
+ 4c
+ 13
+ 3
- 3
- 13
- 4c
& 4d DBI BEGIN
+ 4d
+ 13
+ 3
- 3
- 13
- 4d
& 4e DBI BEGIN
+ 4e
+ 13
+ 3
- 3
- 13
- 4e
& 4f DBI BEGIN
+ 4f
+ 13
+ 3
- 3
- 13
- 4f
@ 0 0 1
& 50 DBI BEGIN
+ 50
+ 13
+ 3
- 3
- 13
- 50
& 51 DBI BEGIN
+ 51
+ 13
+ 3
- 3
- 13
- 51
@ 1 0 0
& 52 DBI BEGIN
+ 52
+ 13
+ 3
- 3
- 13
- 52
@ 0 0 1
& 53 DBD::_::common BEGIN
+ 53
+ 4
- 4
- 53
@ 1 0 0
& 54 DBD::_::dr BEGIN
+ 54
+ 4
- 4
- 54
& 55 DBD::_::db BEGIN
+ 55
+ 4
- 4
- 55
& 56 DBD::_::st BEGIN
+ 56
+ 4
- 4
- 56
@ 1 0 1
& 57 Scalar::Util BEGIN
+ 57
+ 4
- 4
- 57
+ 57
+ b
- b
- 57
& 58 List::Util BEGIN
+ 58
+ 4
- 4
- 58
+ 58
+ b
- b
- 58
@ 0 0 1
& 59 XSLoader load
+ 59
+ 42
- 42
+ 43
- 43
+ 44
- 44
+ 45
- 45
& 5a List::Util bootstrap
+ 5a
- 5a
- 59
& 5b Scalar::Util weaken
+ 5b
- 5b
& 5c DBI::var TIESCALAR
+ 5c
- 5c
+ 5c
- 5c
+ 5c
- 5c
+ 5c
- 5c
+ 5c
- 5c
& 5d DBI::DBI_tie TIEHASH
+ 5d
- 5d
& 5e DBI _install_method
+ 5e
- 5e
+ 5e
- 5e
+ 5e
- 5e
+ 5e
- 5e
+ 5e
- 5e
+ 5e
- 5e
+ 5e
- 5e
+ 5e
- 5e
+ 5e
- 5e
+ 5e
- 5e
+ 5e
- 5e
+ 5e
- 5e
+ 5e
- 5e
+ 5e
- 5e
+ 5e
- 5e
+ 5e
- 5e
+ 5e
- 5e
+ 5e
- 5e
+ 5e
- 5e
+ 5e
- 5e
+ 5e
- 5e
+ 5e
- 5e
+ 5e
- 5e
+ 5e
- 5e
+ 5e
- 5e
+ 5e
- 5e
+ 5e
- 5e
+ 5e
- 5e
+ 5e
- 5e
+ 5e
- 5e
+ 5e
- 5e
+ 5e
- 5e
+ 5e
- 5e
+ 5e
- 5e
+ 5e
- 5e
+ 5e
- 5e
+ 5e
- 5e
+ 5e
- 5e
+ 5e
- 5e
+ 5e
- 5e
+ 5e
- 5e
+ 5e
- 5e
+ 5e
- 5e
+ 5e
- 5e
+ 5e
- 5e
+ 5e
- 5e
+ 5e
- 5e
+ 5e
- 5e
+ 5e
- 5e
+ 5e
- 5e
+ 5e
- 5e
+ 5e
- 5e
+ 5e
- 5e
+ 5e
- 5e
+ 5e
- 5e
+ 5e
- 5e
+ 5e
- 5e
+ 5e
- 5e
+ 5e
- 5e
+ 5e
- 5e
+ 5e
- 5e
+ 5e
- 5e
+ 5e
- 5e
+ 5e
- 5e
+ 5e
- 5e
+ 5e
- 5e
+ 5e
- 5e
+ 5e
- 5e
+ 5e
- 5e
+ 5e
- 5e
+ 5e
- 5e
+ 5e
- 5e
+ 5e
- 5e
@ 1 0 0
+ 5e
- 5e
+ 5e
- 5e
+ 5e
- 5e
+ 5e
- 5e
+ 5e
- 5e
+ 5e
- 5e
+ 5e
- 5e
+ 5e
- 5e
+ 5e
- 5e
+ 5e
- 5e
+ 5e
- 5e
& 5f DBI setup_driver
+ 5f
+ 25
- 25
+ 25
- 25
+ 25
- 25
+ 25
- 25
+ 25
- 25
+ 25
- 25
- 5f
& 60 Exporter import
+ 60
- 60
- 2
+ 2
& 61 SPINE::DBI::Content BEGIN
+ 61
+ 4
- 4
- 61
+ 61
+ 60
- 60
- 61
+ 61
& 62 SPINE::Base::Content BEGIN
+ 62
+ b
- b
- 62
+ 62
+ 4
- 4
- 62
+ 62
+ 60
- 60
- 62
+ 62
& 63 warnings import
+ 63
- 63
- 62
+ 62
& 64 warnings unimport
+ 64
- 64
- 62
+ 62
& 65 SPINE::Constant BEGIN
+ 65
+ 63
- 63
- 65
+ 65
+ 4
- 4
- 65
+ 65
& 66 base BEGIN
+ 66
+ 4
+ 3
- 3
- 4
- 66
+ 66
+ b
- b
- 66
& 67 base import
+ 67
+ 25
- 25
& 68 base has_version
+ 68
- 68
& 69 base has_fields
+ 69
- 69
& 6a base has_attr
+ 6a
- 6a
- 67
- 65
+ 65
+ b
- b
- 65
& 6b SPINE::Constant BEGIN
+ 6b
& 6c constant BEGIN
+ 6c
+ 4
- 4
- 6c
+ 6c
- 6c
+ 6c
+ 9
+ a
- a
+ a
- a
- 9
- 6c
@ 0 0 1
& 6d constant BEGIN
+ 6d
+ 13
+ 3
- 3
- 13
- 6d
& 6e constant import
+ 6e
- 6e
- 6b
+ 6b
+ 6e
- 6e
- 6b
+ 6b
+ 6e
- 6e
- 6b
+ 6b
+ 6e
- 6e
- 6b
+ 6b
+ 6e
- 6e
- 6b
+ 6b
+ 6e
- 6e
- 6b
+ 6b
+ 6e
- 6e
- 6b
+ 60
- 60
- 62
@ 1 0 0
- 61
+ 61
+ 60
- 60
- 61
+ 61
+ 60
- 60
- 61
+ 61
+ b
- b
- 61
+ 61
+ 67
+ 25
- 25
+ 68
- 68
& 6f SPINE::DBI::Base BEGIN
+ 6f
+ 4
- 4
- 6f
+ 6f
+ 60
- 60
- 6f
+ 6f
& 70 Data::Dumper BEGIN
+ 70
- 70
& 71 Data::Dumper BEGIN
+ 71
+ 60
- 60
- 71
+ 71
- 71
@ 1 0 1
& 72 Data::Dumper BEGIN
+ 72
& 73 bytes import
+ 73
- 73
- 72
@ 0 0 1
& 74 overload BEGIN
+ 74
+ 9
+ a
- a
+ a
- a
- 9
- 74
@ 1 0 0
+ 59
+ 42
- 42
+ 43
- 43
+ 44
- 44
+ 45
- 45
& 75 Data::Dumper bootstrap
+ 75
- 75
- 59
+ 60
- 60
- 6f
+ 6f
+ 60
- 60
- 6f
+ 6f
+ b
- b
- 6f
& 76 SPINE::DBI::Base BEGIN
+ 76
+ 60
- 60
- 76
@ 1 0 1
+ 69
- 69
+ 6a
- 6a
- 67
- 61
- 2
+ 2
+ 60
- 60
- 2
& 77 DBI connect
+ 77
& 78 DBI install_driver
+ 78
& 79 DBD::mysql BEGIN
+ 79
+ 4
- 4
- 79
+ 79
+ b
- b
- 79
+ 79
- 79
+ 79
- 79
+ 79
- 79
& 7a DBD::mysql::dr BEGIN
+ 7a
+ 4
- 4
- 7a
+ 7a
+ 60
+ 30
+ 31
- 31
* 33
@ 0 0 1
- 30
- 60
- 7a
& 7b DBD::mysql::db BEGIN
+ 7b
+ 4
- 4
- 7b
+ 7b
+ 60
+ 30
+ 31
- 31
* 33
- 30
- 60
- 7b
@ 1 0 1
& 7c DBD::mysql::st BEGIN
+ 7c
+ 4
- 4
- 7c
+ 40
+ 41
- 41
+ 42
@ 1 0 0
- 42
+ 43
- 43
+ 44
- 44
+ 45
- 45
& 7d DBD::mysql bootstrap
+ 7d
- 7d
- 40
+ 5f
+ 25
- 25
+ 25
- 25
+ 25
- 25
+ 25
- 25
+ 25
- 25
+ 25
- 25
- 5f
& 7e DBD::mysql driver
+ 7e
& 7f DBI _new_drh
+ 7f
& 80 DBI _new_handle
+ 80
& 81 DBI::st TIEHASH
+ 81
- 81
& 82 DBI _setup_handle
+ 82
- 82
- 80
- 7f
- 7e
- 78
& 83 DBI __ANON__
+ 83
& 84 DBI::dr connect
+ 84
& 85 DBD::mysql::dr connect
+ 85
& 86 DBD::mysql _OdbcParse
+ 86
- 86
& 87 DBI _new_dbh
+ 87
+ 80
+ 81
- 81
+ 82
- 82
- 80
- 87
& 88 DBD::mysql::db _login
+ 88
@ 2 0 2
- 88
- 85
- 84
& 89 DBI::common STORE
+ 89
- 89
+ 89
- 89
+ 89
- 89
& 8a DBI::common FETCH
+ 8a
- 8a
- 83
+ 89
- 89
- 77
& 8b SPINE::DBI::Content new
+ 8b
- 8b
& 8c Test::Simple ok
+ 8c
+ 2a
+ 1b
- 1b
- 2a
& 8d Test::Builder ok
+ 8d
& 8e Test::Builder __ANON__
+ 8e
- 8e
& 8f Test::Builder _unoverload_str
+ 8f
& 90 Test::Builder _unoverload
+ 90
& 91 Test::Builder _is_object
+ 91
- 91
- 90
- 8f
& 92 Test::Builder caller
+ 92
& 93 Test::Builder level
+ 93
- 93
- 92
& 94 Test::Builder todo
+ 94
- 94
+ 8f
+ 90
+ 91
- 91
- 90
- 8f
+ 1e
- 1e
& 95 Test::Builder use_numbers
+ 95
- 95
+ 36
+ 22
- 22
- 36
- 8d
- 8c
& 96 SPINE::DBI::Base get
+ 96
+ 8a
- 8a
+ 8a
- 8a
+ 8a
- 8a
+ 8a
- 8a
& 97 DBI::db prepare
+ 97
& 98 DBD::mysql::db prepare
+ 98
& 99 DBI _new_sth
+ 99
+ 80
+ 81
- 81
+ 82
- 82
- 80
- 99
& 9a DBD::mysql::st _prepare
+ 9a
- 9a
- 98
- 97
& 9b DBI::st execute
+ 9b
- 9b
& 9c DBI::st fetchrow_hashref
+ 9c
+ 8a
- 8a
& 9d DBI::st fetch
+ 9d
- 9d
- 9c
& 9e SPINE::DBI::Base BEGIN
+ 9e
- 9e
& 9f SPINE::Base::Content new
+ 9f
- 9f
& a0 DBI::common DESTROY
+ a0
- a0
+ a0
- a0
& a1 DBD::_mem::common DESTROY
+ a1
- a1
- 96
+ 8c
+ 2a
+ 1b
- 1b
- 2a
+ 8d
+ 8e
- 8e
+ 8f
+ 90
+ 91
- 91
- 90
- 8f
+ 92
+ 93
- 93
- 92
+ 94
- 94
+ 8f
+ 90
+ 91
- 91
- 90
- 8f
+ 1e
- 1e
+ 95
- 95
+ 36
+ 22
- 22
- 36
- 8d
- 8c
& a2 SPINE::Base::Content AUTOLOAD
+ a2
- a2
+ 96
+ 8a
- 8a
+ 8a
- 8a
+ 8a
- 8a
+ 8a
- 8a
+ 97
+ 98
+ 99
+ 80
+ 81
- 81
+ 82
- 82
- 80
- 99
+ 9a
- 9a
- 98
- 97
+ 9b
- 9b
+ 9c
+ 8a
- 8a
+ 9d
- 9d
- 9c
& a3 SPINE::DBI::Base BEGIN
+ a3
- a3
+ 9f
@ 0 0 1
- 9f
+ a0
- a0
+ a0
- a0
+ a1
- a1
- 96
+ 8c
+ 2a
+ 1b
- 1b
- 2a
+ 8d
+ 8e
- 8e
+ 8f
+ 90
+ 91
- 91
- 90
- 8f
+ 92
+ 93
- 93
- 92
+ 94
- 94
+ 8f
+ 90
+ 91
- 91
- 90
- 8f
+ 1e
- 1e
+ 95
- 95
+ 36
+ 22
- 22
- 36
- 8d
- 8c
+ a2
- a2
+ 8c
+ 2a
+ 1b
- 1b
- 2a
+ 8d
+ 8e
- 8e
+ 8f
+ 90
+ 91
- 91
- 90
- 8f
+ 92
+ 93
- 93
- 92
+ 94
- 94
+ 8f
+ 90
+ 91
- 91
- 90
- 8f
+ 1e
- 1e
+ 95
- 95
+ 36
+ 22
- 22
- 36
- 8d
- 8c
& a4 SPINE::DBI::Base getlist
+ a4
+ 97
+ 98
+ 99
+ 80
+ 81
- 81
+ 82
- 82
- 80
- 99
+ 9a
- 9a
- 98
- 97
+ 9b
- 9b
& a5 DBI::st fetchrow_array
+ a5
- a5
+ a5
- a5
+ a5
- a5
+ a5
- a5
+ a5
- a5
+ a5
- a5
+ a5
- a5
+ a5
- a5
+ a5
- a5
+ a5
- a5
+ a5
- a5
+ a5
- a5
+ a5
- a5
+ a5
- a5
+ a5
- a5
+ a5
- a5
+ a5
- a5
+ a5
- a5
+ a5
- a5
+ a5
- a5
+ a5
- a5
+ a5
- a5
+ a5
- a5
+ a5
- a5
+ a5
- a5
+ a5
- a5
+ a5
- a5
+ a5
- a5
+ a5
- a5
+ a5
- a5
+ a5
- a5
+ a5
- a5
+ a5
- a5
+ a5
- a5
+ a5
- a5
+ a5
- a5
+ a5
- a5
+ a5
- a5
+ a5
- a5
+ a5
- a5
+ a5
- a5
+ a5
- a5
+ a5
- a5
+ a5
- a5
+ a5
- a5
+ a5
- a5
+ a5
- a5
+ a5
- a5
+ a5
- a5
+ a5
- a5
+ a5
- a5
+ a5
- a5
+ a5
- a5
+ a5
- a5
+ a5
- a5
+ a5
- a5
+ a5
- a5
+ a5
- a5
+ a5
- a5
+ a5
- a5
+ a5
- a5
+ a5
- a5
+ a5
- a5
+ a5
- a5
+ a5
- a5
+ a5
- a5
+ a5
- a5
+ a5
- a5
+ a5
- a5
+ a5
- a5
+ a5
- a5
+ a5
- a5
+ a5
- a5
+ a5
- a5
+ a5
- a5
+ a5
- a5
@ 1 0 0
+ a5
- a5
+ a5
- a5
& a6 DBI::st finish
+ a6
- a6
+ a0
- a0
+ a0
- a0
+ a1
- a1
- a4
+ 8c
+ 2a
+ 1b
- 1b
- 2a
+ 8d
+ 8e
- 8e
+ 8f
+ 90
+ 91
- 91
- 90
- 8f
+ 92
+ 93
- 93
- 92
+ 94
- 94
+ 8f
+ 90
+ 91
- 91
- 90
- 8f
+ 1e
- 1e
+ 95
- 95
+ 36
+ 22
- 22
@ 0 0 18
- 36
- 8d
- 8c
+ a4
+ 97
+ 98
+ 99
+ 80
+ 81
- 81
+ 82
- 82
- 80
- 99
+ 9a
- 9a
- 98
- 97
+ 9b
- 9b
+ a5
- a5
+ a5
- a5
+ a5
- a5
+ a5
- a5
+ a5
- a5
+ a5
- a5
+ a5
- a5
+ a5
- a5
+ a5
- a5
+ a5
- a5
+ a5
- a5
+ a5
- a5
+ a5
- a5
+ a5
- a5
+ a5
- a5
+ a5
- a5
+ a5
- a5
+ a5
- a5
+ a5
- a5
+ a5
- a5
+ a5
- a5
+ a5
- a5
+ a5
- a5
+ a5
- a5
+ a5
- a5
+ a5
- a5
+ a5
- a5
+ a5
- a5
+ a5
- a5
+ a5
- a5
+ a5
- a5
+ a5
- a5
+ a5
- a5
+ a5
- a5
+ a5
- a5
+ a5
- a5
+ a5
- a5
+ a5
- a5
+ a5
- a5
+ a5
- a5
+ a5
- a5
+ a5
- a5
+ a5
- a5
+ a5
- a5
+ a5
- a5
+ a5
- a5
+ a5
- a5
+ a5
- a5
+ a5
- a5
+ a5
- a5
+ a5
- a5
+ a5
- a5
+ a5
- a5
+ a5
- a5
+ a5
- a5
+ a5
- a5
+ a5
- a5
+ a5
- a5
+ a5
- a5
+ a5
- a5
+ a5
- a5
+ a5
- a5
+ a5
- a5
+ a5
- a5
+ a5
- a5
+ a5
- a5
+ a5
- a5
+ a5
- a5
+ a5
- a5
+ a5
- a5
+ a5
- a5
+ a5
- a5
+ a5
- a5
+ a5
- a5
+ a5
- a5
+ a5
- a5
+ a5
- a5
+ a5
- a5
+ a6
- a6
+ a0
- a0
+ a0
- a0
+ a1
- a1
- a4
+ a2
- a2
+ 8c
+ 2a
+ 1b
- 1b
- 2a
+ 8d
+ 8e
- 8e
+ 8f
+ 90
+ 91
- 91
- 90
- 8f
+ 92
+ 93
- 93
- 92
+ 94
- 94
+ 8f
+ 90
+ 91
- 91
- 90
- 8f
+ 1e
- 1e
+ 95
- 95
+ 36
+ 22
- 22
- 36
- 8d
- 8c
+ 96
+ 8a
- 8a
+ 8a
- 8a
+ 8a
- 8a
+ 8a
- 8a
+ 97
+ 98
+ 99
+ 80
+ 81
- 81
+ 82
- 82
- 80
- 99
+ 9a
- 9a
- 98
- 97
+ 9b
@ 0 1 0
- 9b
+ 9c
+ 8a
- 8a
+ 9d
- 9d
- 9c
& a7 SPINE::DBI::Base BEGIN
+ a7
- a7
+ 9f
- 9f
+ 9c
+ 8a
- 8a
+ 9d
- 9d
- 9c
+ a0
- a0
+ a0
- a0
+ a1
- a1
- 96
+ a2
- a2
+ 8c
+ 2a
+ 1b
- 1b
- 2a
+ 8d
+ 8e
- 8e
+ 8f
+ 90
+ 91
- 91
- 90
- 8f
+ 92
+ 93
- 93
- 92
+ 94
- 94
+ 8f
+ 90
+ 91
- 91
- 90
- 8f
+ 1e
- 1e
+ 95
- 95
+ 36
+ 22
- 22
- 36
- 8d
- 8c
+ 96
+ 8a
- 8a
+ 8a
- 8a
+ 8a
- 8a
+ 8a
- 8a
+ 97
+ 98
+ 99
+ 80
+ 81
- 81
+ 82
- 82
- 80
- 99
+ 9a
- 9a
- 98
- 97
+ 9b
- 9b
+ 9c
+ 8a
- 8a
+ 9d
- 9d
- 9c
+ a0
- a0
+ a0
- a0
+ a1
- a1
- 96
+ a2
- a2
+ 8c
+ 2a
+ 1b
- 1b
- 2a
+ 8d
+ 8e
- 8e
+ 8f
+ 90
+ 91
- 91
- 90
- 8f
+ 92
+ 93
- 93
- 92
+ 94
- 94
+ 8f
+ 90
+ 91
- 91
- 90
- 8f
+ 1e
- 1e
+ 95
- 95
+ 36
+ 22
- 22
- 36
- 8d
- 8c
+ 96
+ 8a
- 8a
+ 8a
- 8a
+ 8a
- 8a
+ 8a
- 8a
+ 97
+ 98
+ 99
+ 80
+ 81
- 81
+ 82
- 82
- 80
- 99
+ 9a
- 9a
- 98
- 97
+ 9b
@ 0 0 1
- 9b
+ 9c
+ 8a
- 8a
+ 9d
- 9d
- 9c
& a8 SPINE::DBI::Base BEGIN
+ a8
- a8
+ 9f
- 9f
+ 9c
+ 8a
- 8a
+ 9d
- 9d
- 9c
+ a0
- a0
+ a0
- a0
+ a1
- a1
- 96
+ a2
- a2
+ a2
- a2
+ 8c
+ 2a
+ 1b
- 1b
- 2a
+ 8d
+ 8e
- 8e
+ 8f
+ 90
+ 91
- 91
- 90
- 8f
+ 92
+ 93
- 93
- 92
+ 94
- 94
+ 8f
+ 90
+ 91
- 91
- 90
- 8f
+ 1e
- 1e
+ 95
- 95
+ 36
+ 22
- 22
- 36
- 8d
- 8c
& a9 SPINE::DBI::Base add
+ a9
& aa SPINE::Base::Content tohash
+ aa
- aa
+ 97
+ 98
+ 99
+ 80
+ 81
- 81
+ 82
- 82
- 80
- 99
+ 9a
- 9a
- 98
- 97
+ 9b
- 9b
+ 8a
- 8a
+ 8a
- 8a
+ 97
+ 98
+ 99
+ 80
+ 81
- 81
+ 82
- 82
- 80
- 99
+ 9a
- 9a
- 98
- 97
+ a0
- a0
+ a0
- a0
+ a1
- a1
+ 9b
- 9b
+ a5
- a5
+ 8a
- 8a
+ 8a
- 8a
+ a6
- a6
+ a0
- a0
+ a0
- a0
+ a1
- a1
- a9
+ 96
@ 1 0 0
+ 8a
- 8a
+ 8a
- 8a
+ 8a
- 8a
+ 8a
- 8a
+ 97
+ 98
+ 99
+ 80
+ 81
- 81
+ 82
- 82
- 80
- 99
+ 9a
- 9a
- 98
- 97
+ 9b
- 9b
+ 9c
+ 8a
- 8a
+ 9d
- 9d
- 9c
& ab SPINE::DBI::Base BEGIN
+ ab
- ab
+ 9f
- 9f
+ 9c
+ 8a
- 8a
+ 9d
- 9d
- 9c
+ a0
- a0
+ a0
- a0
+ a1
- a1
- 96
+ a2
- a2
+ 8c
+ 2a
+ 1b
- 1b
- 2a
+ 8d
+ 8e
- 8e
+ 8f
+ 90
+ 91
- 91
- 90
- 8f
+ 92
+ 93
- 93
- 92
+ 94
- 94
+ 8f
+ 90
+ 91
- 91
- 90
- 8f
+ 1e
- 1e
+ 95
- 95
+ 36
+ 22
- 22
@ 0 0 35
- 36
- 8d
- 8c
+ a2
- a2
& ac SPINE::DBI::Base update
+ ac
+ aa
- aa
+ 97
+ 98
+ 99
+ 80
+ 81
- 81
+ 82
- 82
- 80
- 99
+ 9a
- 9a
- 98
- 97
+ 9b
@ 0 0 1
- 9b
+ a6
- a6
+ a0
- a0
+ a0
- a0
+ a1
- a1
- ac
+ 96
+ 8a
- 8a
+ 8a
- 8a
+ 8a
- 8a
+ 8a
- 8a
+ 97
+ 98
+ 99
+ 80
+ 81
- 81
+ 82
- 82
- 80
- 99
+ 9a
- 9a
- 98
- 97
+ 9b
- 9b
+ 9c
+ 8a
- 8a
+ 9d
- 9d
- 9c
& ad SPINE::DBI::Base BEGIN
+ ad
- ad
+ 9f
- 9f
+ 9c
+ 8a
- 8a
+ 9d
- 9d
- 9c
+ a0
- a0
+ a0
- a0
+ a1
- a1
- 96
+ a2
- a2
& ae Test::Builder __ANON__
+ ae
- ae
+ a2
- a2
+ a0
- a0
+ a0
- a0
+ a1
- a1
& af DBI END
+ af
& b0 DBD::_::common trace_msg
+ b0
- b0
& b1 DBI disconnect_all
+ b1
& b2 DBI::dr disconnect_all
+ b2
- b2
- b1
- af
& b3 Test::Builder END
+ b3
& b4 Test::Builder __ANON__
+ b4
- b4
& b5 Test::Builder _ending
+ b5
& b6 Test::Builder _sanity_check
+ b6
& b7 Test::Builder _whoa
+ b7
- b7
+ b7
- b7
+ b7
- b7
- b6
+ 1e
- 1e
& b8 Test::Builder diag
+ b8
& b9 Test::Builder __ANON__
+ b9
- b9
& ba Test::Builder _print_diag
+ ba
+ 94
+ 2b
- 2b
- 94
+ 26
- 26
- ba
- b8
& bb Test::Builder _my_exit
+ bb
- bb
- b5
- b3
